
> frontend@0.0.0 build
> vite build

[36mvite v8.0.1 [32mbuilding client environment for production...[36m[39m
[2Ktransforming...✓ 2356 modules transformed.
[31m✗[39m Build failed in 296ms
[31merror during build:
[31mBuild failed with 1 error:

[plugin vite:css] C:/23EG106A33/PRO-KYC/banking-kyc-system/frontend/src/index.css:undefined:NaN
Error: [postcss] It looks like you're trying to use `tailwindcss` directly as a PostCSS plugin. The PostCSS plugin has moved to a separate package, so to continue using Tailwind CSS with PostCSS you'll need to install `@tailwindcss/postcss` and update your PostCSS configuration.
    at at (C:\23EG106A33\PRO-KYC\banking-kyc-system\frontend\node_modules\tailwindcss\dist\lib.js:38:1643)
    at LazyResult.runOnRoot (C:\23EG106A33\PRO-KYC\banking-kyc-system\frontend\node_modules\postcss\lib\lazy-result.js:361:16)
    at LazyResult.runAsync (C:\23EG106A33\PRO-KYC\banking-kyc-system\frontend\node_modules\postcss\lib\lazy-result.js:290:26)
    at LazyResult.async (C:\23EG106A33\PRO-KYC\banking-kyc-system\frontend\node_modules\postcss\lib\lazy-result.js:192:30)
    at LazyResult.then (C:\23EG106A33\PRO-KYC\banking-kyc-system\frontend\node_modules\postcss\lib\lazy-result.js:436:17)[31m
    at aggregateBindingErrorsIntoJsError (file:///C:/23EG106A33/PRO-KYC/banking-kyc-system/frontend/node_modules/rolldown/dist/shared/error-BO4SlZV_.mjs:48:18)
    at unwrapBindingResult (file:///C:/23EG106A33/PRO-KYC/banking-kyc-system/frontend/node_modules/rolldown/dist/shared/error-BO4SlZV_.mjs:18:128)
    at #build (file:///C:/23EG106A33/PRO-KYC/banking-kyc-system/frontend/node_modules/rolldown/dist/shared/rolldown-build-yQC7KN8K.mjs:3311:34)
    at async buildEnvironment (file:///C:/23EG106A33/PRO-KYC/banking-kyc-system/frontend/node_modules/vite/dist/node/chunks/node.js:32817:64)
    at async Object.build (file:///C:/23EG106A33/PRO-KYC/banking-kyc-system/frontend/node_modules/vite/dist/node/chunks/node.js:33239:19)
    at async Object.buildApp (file:///C:/23EG106A33/PRO-KYC/banking-kyc-system/frontend/node_modules/vite/dist/node/chunks/node.js:33236:153)
    at async CAC.<anonymous> (file:///C:/23EG106A33/PRO-KYC/banking-kyc-system/frontend/node_modules/vite/dist/node/cli.js:778:3) {
  errors: [Getter/Setter]
}[39m
